command/again
command/autosave
command/block
command/breakpoint
command/bugoff
command/bugon
command/change
command/check
command/clear
command/clearfollow
command/clearpoint
command/clip
command/comout
command/continue
command/copy
command/cursor
command/debug
command/decl
command/delete
command/delmenu
command/edit
command/enclose
command/errhelp
command/execute
command/exit
command/extend
command/filename
command/get
command/go
command/help
command/hide
command/immediate
command/insert
command/insmenu
command/io
command/lasterror
command/load
command/log
command/map
command/mark
command/menu
command/merge
command/misc
command/move
command/new
command/nolog
command/nop
command/option
command/pagedown
command/pageup
command/parent
command/phelp
command/pop
command/popback
command/raise
command/recover
command/redo
command/reveal
command/rsearch
command/run
command/runit
command/save
command/search
command/setfollow
command/shell
command/specialties
command/step
command/superstep
command/symbol
command/text
command/toklist
command/traceback
command/undo
command/unselect
command/ws
misc/ascii
misc/codesel
misc/comhelp
misc/comlist
misc/commands
misc/compat
misc/completion
misc/cursor
misc/delete
misc/edit
misc/filemen
misc/insert
misc/intro
misc/intro2
misc/intro3
misc/intro4
misc/intro5
misc/intro6
misc/intro7
misc/intro8
misc/intro_exit
misc/load
misc/memuse
misc/phelp
misc/pointer
misc/quit
misc/run
misc/save
misc/scalar
misc/search
misc/shell
misc/ssinfo
misc/step
misc/susp_prog
misc/toklist
misc/undo
misc/usemenu
misc/wild
pactions/0
pactions/1
pactions/11
pactions/12
pactions/13
pactions/14
pactions/15
pactions/16
pactions/17
pactions/18
pactions/19
pactions/2
pactions/20
pactions/21
pactions/22
pactions/23
pactions/24
pactions/25
pactions/26
pactions/3
pactions/33
pactions/34
pactions/35
pactions/36
pactions/37
pactions/38
pactions/39
pactions/40
pactions/41
pactions/42
pactions/43
pactions/44
pactions/45
pactions/46
pactions/47
pactions/48
pactions/49
pactions/50
pactions/51
pactions/52
pactions/53
pactions/54
pactions/55
pactions/56
pactions/57
pactions/58
pactions/59
pactions/60
pactions/61
pactions/62
pactions/63
pactions/64
pactions/65
pactions/66
pactions/67
pactions/68
pclass/block_statem
pclass/case_instanc
pclass/character
pclass/comment
pclass/_comment_tha
pclass/constant
pclass/constant_dec
pclass/declarations
pclass/field
pclass/function_nam
pclass/ignored_name
pclass/label
pclass/label_number
pclass/name
pclass/parameter
pclass/pascal_progr
pclass/procedure_na
pclass/routine_name
pclass/set_item
pclass/simple_type
pclass/statement
pclass/structured_t
pclass/type
pclass/type_declara
pclass/type_name
pclass/value
pclass/variable
pclass/variable_dec
pclass/variant
perror/argtype
perror/assign
perror/autosave
perror/badasc
perror/badbp
perror/badchr
perror/badcommand
perror/badconst
perror/baddir
perror/baddot
perror/badext
perror/badfield
perror/badformat
perror/badget
perror/badgo
perror/badhide
perror/badimm
perror/badindex
perror/badint
perror/badmark
perror/badprec
perror/badreveal
perror/badsavefile
perror/badsellist
perror/badset
perror/badspec
perror/badsub
perror/badsymbol
perror/badtok2
perror/badtoken
perror/badwidth
perror/badwork
perror/badwrite
perror/badwrite2
perror/badwrite3
perror/bigstruct
perror/bnum
perror/boolop
perror/bounds
perror/bp
perror/break
perror/bug
perror/cantconv
perror/cantedit
perror/cantexec
perror/cantopen
perror/cantresume
perror/caseconst
perror/caseelse
perror/caseexpr
perror/catlong
perror/cfunc
perror/chg_decid
perror/comac
perror/complex
perror/conv
perror/copy
perror/divz
perror/divzero
perror/empty
perror/execstub
perror/fewargs
perror/fileassign
perror/foref
perror/fragment
perror/fulllist
perror/funcparam
perror/get
perror/hideprogram
perror/in2
perror/incompatset
perror/initrand
perror/inslist
perror/integerop
perror/intovflow
perror/iotype
perror/ln
perror/loadmem
perror/loopbound
perror/loopvar
perror/lowmem
perror/manyargs
perror/memory
perror/mixedset
perror/needarray
perror/needblock
perror/needbool
perror/needconstnam
perror/needlist
perror/neednumber
perror/needpointer
perror/needrange
perror/needvar
perror/negmod
perror/newout
perror/nil
perror/nodebug
perror/nodecl
perror/noerr
perror/nohist
perror/nolist
perror/nomac
perror/nontext
perror/noroom
perror/noteof
perror/notread
perror/notsusp
perror/nottype
perror/notwrite
perror/noundo
perror/nrprec
perror/numin
perror/opf
perror/opt
perror/pasteof
perror/pred
perror/procmap
perror/procparam
perror/pruneall
perror/rand
perror/rangebounds
perror/rangeorder
perror/recmatch
perror/redeclared
perror/redo
perror/repeatbool
perror/rfile
perror/runimm
perror/scrxy
perror/setel
perror/setord
perror/setrange
perror/setsize
perror/shell
perror/sqrt
perror/stack
perror/statonl
perror/stomp
perror/stop
perror/strdelete
perror/stringbig
perror/stringbound
perror/strvar
perror/sttype
perror/stub
perror/subrange
perror/substrbound
perror/substrfit
perror/succ
perror/syntax
perror/toolong
perror/tystub
perror/undef
perror/undefcase
perror/undeft
perror/undo
perror/unfinished
perror/uninit
perror/varcon
perror/varptype
perror/wrfil
perror/wrformat
pnode/addition
pnode/and
pnode/array
pnode/array_indexi
pnode/assignment_s
pnode/bad_expressi
pnode/case
pnode/case_else
pnode/case_instanc
pnode/character_co
pnode/comment
pnode/commented_ou
pnode/compound_sta
pnode/constant_dec
pnode/declarations
pnode/division
pnode/enumerated_t
pnode/equality
pnode/field_use
pnode/field_width
pnode/file_type
pnode/for_loop
pnode/forward_decl
pnode/function
pnode/function_cal
pnode/function_par
pnode/generic_bloc
pnode/goto
pnode/greater_or_e
pnode/greater_than
pnode/hidden_code
pnode/if_then
pnode/if_then_else
pnode/immediate_st
pnode/implied_fiel
pnode/indirection
pnode/integer_cons
pnode/integer_divi
pnode/labeled_stat
pnode/labels
pnode/less_or_equa
pnode/less_than
pnode/modulus
pnode/multiplicati
pnode/negative_con
pnode/nil_pointer
pnode/not
pnode/not_equal
pnode/or
pnode/packed_type
pnode/parameter
pnode/parentheses
pnode/pascal_progr
pnode/pass_through
pnode/pointer_type
pnode/precision
pnode/procedure
pnode/procedure_ca
pnode/procedure_pa
pnode/range_set
pnode/real_constan
pnode/record_field
pnode/record_type
pnode/repeat_loop
pnode/revealed_cod
pnode/reverse_for_
pnode/set
pnode/set_membersh
pnode/set_type
pnode/signed_const
pnode/statement_co
pnode/string_const
pnode/subrange
pnode/subtraction
pnode/symbol
pnode/type_declara
pnode/unary_minus
pnode/unary_plus
pnode/var_paramete
pnode/variable_dec
pnode/variant_case
pnode/variant_reco
pnode/while_loop
pnode/with_block
psymbol/abs
psymbol/address
psymbol/alice_versio
psymbol/append
psymbol/arctan
psymbol/boolean
psymbol/char
psymbol/char_waiting
psymbol/chr
psymbol/cintfunc
psymbol/cos
psymbol/cproc
psymbol/cptrfunc
psymbol/cursor_to
psymbol/dispose
psymbol/eof
psymbol/eoln
psymbol/exp
psymbol/false
psymbol/get
psymbol/get_char
psymbol/initrandom
psymbol/input
psymbol/integer
psymbol/ln
psymbol/makepointer
psymbol/maxint
psymbol/mem_to_var
psymbol/new
psymbol/odd
psymbol/ord
psymbol/output
psymbol/pack
psymbol/page
psymbol/pause
psymbol/peek
psymbol/pointer
psymbol/poke
psymbol/pred
psymbol/put
psymbol/random
psymbol/rawpointer
psymbol/read
psymbol/readln
psymbol/real
psymbol/reset
psymbol/rewrite
psymbol/round
psymbol/scrxy
psymbol/set_attr
psymbol/setnext
psymbol/sin
psymbol/sizeof
psymbol/sqr
psymbol/sqrt
psymbol/strconcat
psymbol/strdelete
psymbol/strend
psymbol/strinsert
psymbol/strlen
psymbol/strscan
psymbol/strsize
psymbol/substr
psymbol/succ
psymbol/sysfunc
psymbol/syspointer
psymbol/sysproc
psymbol/text
psymbol/true
psymbol/trunc
psymbol/unpack
psymbol/update
psymbol/var_to_mem
psymbol/write
psymbol/writeln
